// Jest Snapshot v1, https://goo.gl/fbAQLP

exports[`BandProfile snapshot Should match with data 1`] = `
<article
  className="band-profile"
>
  <div
    className="band-profile__middle"
  />
  <div
    className="band-profile__bottom"
  >
    <section
      className="concerts"
    >
      <div
        className="concerts__title"
      >
        <svg
          aria-hidden={true}
          className="MuiSvgIcon-root title__icon"
          focusable="false"
          viewBox="0 0 24 24"
        >
          <path
            d="M12 3v10.55c-.59-.34-1.27-.55-2-.55-2.21 0-4 1.79-4 4s1.79 4 4 4 4-1.79 4-4V7h4V3h-6z"
          />
        </svg>
        <h1
          className="title__text"
        >
          Concerts
        </h1>
      </div>
      <div
        className="concerts__main"
      >
        <div
          className="main__item"
        >
          <p
            className="item__date"
          >
            date
          </p>
          <p
            className="item__city"
          >
            city
          </p>
        </div>
      </div>
    </section>
    <section
      className="photo"
    >
      <div
        className="photo__title"
      >
        <svg
          aria-hidden={true}
          className="MuiSvgIcon-root title__icon"
          focusable="false"
          viewBox="0 0 24 24"
        >
          <path
            d="M22 16V4c0-1.1-.9-2-2-2H8c-1.1 0-2 .9-2 2v12c0 1.1.9 2 2 2h12c1.1 0 2-.9 2-2zm-11-4l2.03 2.71L16 11l4 5H8l3-4zM2 6v14c0 1.1.9 2 2 2h14v-2H4V6H2z"
          />
        </svg>
        <h1
          className="title__text"
        >
          Photos and videos
        </h1>
      </div>
      <div
        className="photo__main"
      >
        <img
          alt="nº0"
          className="main__item"
          src="photo"
        />
      </div>
    </section>
  </div>
</article>
`;

exports[`BandProfile snapshot Should match without data 1`] = `
<div
  className="css-3fvcat"
>
  <div
    className="css-hwvl8z"
  />
  <div
    className="css-16hco3u"
  />
</div>
`;
