// Jest Snapshot v1, https://goo.gl/fbAQLP

exports[`Concerts snapshot Should match  1`] = `
<section
  className="concerts"
>
  <div
    className="concerts__title"
  >
    <svg
      aria-hidden={true}
      className="MuiSvgIcon-root title__icon"
      focusable="false"
      viewBox="0 0 24 24"
    >
      <path
        d="M12 3v10.55c-.59-.34-1.27-.55-2-.55-2.21 0-4 1.79-4 4s1.79 4 4 4 4-1.79 4-4V7h4V3h-6z"
      />
    </svg>
    <h1
      className="title__text"
    >
      Concerts
    </h1>
  </div>
  <div
    className="concerts__main"
  >
    <div
      className="main__item"
    >
      <p
        className="item__date"
      />
      <p
        className="item__city"
      >
        My house
      </p>
    </div>
  </div>
</section>
`;
